2026-08-10T22:59:42Z INF Thank you for trying Cloudflare Tunnel. Doing so, without a Cloudflare account, is a quick way to experiment and try it out. However, be aware that these account-less Tunnels have no uptime guarantee, are subject to the Cloudflare Online Services Terms of Use (https://www.cloudflare.com/website-terms/), and Cloudflare reserves the right to investigate your use of Tunnels for violations of such terms. If you intend to use Tunnels in production you should use a pre-created named tunnel by following: https://developers.cloudflare.com/cloudflare-one/connections/connect-apps
2026-08-10T22:59:42Z INF Requesting new quick Tunnel on trycloudflare.com...
2026-08-10T22:59:47Z INF +--------------------------------------------------------------------------------------------+
2026-08-10T22:59:47Z INF |  Your quick Tunnel has been created! Visit it at (it may take some time to be reachable):  |
2026-08-10T22:59:47Z INF |  https://profiles-thing-worthy-valves.trycloudflare.com                                    |
2026-08-10T22:59:47Z INF +--------------------------------------------------------------------------------------------+
2026-08-10T22:59:47Z INF Cannot determine default configuration path. No file [config.yml config.yaml] in [~/.cloudflared ~/.cloudflare-warp ~/cloudflare-warp /etc/cloudflared /usr/local/etc/cloudflared]
2026-08-10T22:59:47Z INF Version 2026.7.3 (Checksum 549230dee3b374c415a7500e02a476607a5336d172a67d6cd6fea96f703fb333)
2026-08-10T22:59:47Z INF GOOS: android, GOVersion: go1.26.5, GoArch: arm
2026-08-10T22:59:47Z INF Settings: map[ha-connections:1 protocol:quic url:http://localhost:5002]
2026-08-10T22:59:47Z INF Autoupdate frequency is set autoupdateFreq=86400000
2026-08-10T22:59:47Z INF Generated Connector ID: 4ca1404b-2523-4295-a677-6ba0db37248c
2026-08-10T22:59:47Z INF Initial protocol quic
2026-08-10T22:59:47Z INF ICMP proxy will use 192.168.18.47 as source for IPv4
2026-08-10T22:59:47Z INF ICMP proxy will use :: as source for IPv6
2026-08-10T22:59:47Z WRN The user running cloudflared process has a GID (group ID) that is not within ping_group_range. You might need to add that user to a group within that range, or instead update the range to encompass a group the user is already in by modifying /proc/sys/net/ipv4/ping_group_range. Otherwise cloudflared will not be able to ping this network error="open /proc/sys/net/ipv4/ping_group_range: permission denied"
2026/08/10 22:59:48 failed to sufficiently increase send buffer size (was: 1024 kiB, wanted: 7168 kiB, got: 6144 kiB). See https://github.com/quic-go/quic-go/wiki/UDP-Buffer-Sizes for details.
2026-08-10T22:59:48Z INF ICMP proxy will use 192.168.18.47 as source for IPv4
2026-08-10T22:59:48Z INF ICMP proxy will use :: as source for IPv6
2026-08-10T22:59:48Z INF Starting metrics server on 127.0.0.1:20242/metrics
2026-08-10T22:59:48Z INF Tunnel connection curve preferences: [X25519MLKEM768 CurveID(65074) CurveP256] connIndex=0 event=0 ip=2606:4700:a0::1
2026-08-10T22:59:48Z INF Registered tunnel connection connIndex=0 connection=5678effb-6140-40c2-8718-60d4b980ce52 event=0 ip=2606:4700:a0::1 location=lim02 protocol=quic
2026-08-10T22:59:48Z INF +-------------------------------------------------------------------------------------+
2026-08-10T22:59:48Z INF |                               CONNECTIVITY PRE-CHECKS                               |
2026-08-10T22:59:48Z INF +-------------------------------------------------------------------------------------+
2026-08-10T22:59:48Z INF |  COMPONENT         TARGET                     STATUS  DETAILS                       |
2026-08-10T22:59:48Z INF |  DNS Resolution    region1.v2.argotunnel.com  PASS    DNS Resolved successfully     |
2026-08-10T22:59:48Z INF |  DNS Resolution    region2.v2.argotunnel.com  PASS    DNS Resolved successfully     |
2026-08-10T22:59:48Z INF |  UDP Connectivity  region1.v2.argotunnel.com  PASS    QUIC connection successful    |
2026-08-10T22:59:48Z INF |  UDP Connectivity  region2.v2.argotunnel.com  PASS    QUIC connection successful    |
2026-08-10T22:59:48Z INF |  TCP Connectivity  region1.v2.argotunnel.com  PASS    HTTP/2 connection successful  |
2026-08-10T22:59:48Z INF |  TCP Connectivity  region2.v2.argotunnel.com  PASS    HTTP/2 connection successful  |
2026-08-10T22:59:48Z INF |  Cloudflare API    api.cloudflare.com:443     PASS    API is reachable              |
2026-08-10T22:59:48Z INF |                                                                                     |
2026-08-10T22:59:48Z INF |  SUMMARY: Environment is healthy. cloudflared will use 'quic' as primary protocol.  |
2026-08-10T22:59:48Z INF +-------------------------------------------------------------------------------------+
2026-08-10T22:59:48Z INF precheck component="DNS Resolution" details="DNS Resolved successfully" run_id=f07b2377-89c0-4ba3-a6ad-bc0b687cda97 status=pass target=region1.v2.argotunnel.com
2026-08-10T22:59:48Z INF precheck component="DNS Resolution" details="DNS Resolved successfully" run_id=f07b2377-89c0-4ba3-a6ad-bc0b687cda97 status=pass target=region2.v2.argotunnel.com
2026-08-10T22:59:48Z INF precheck component="UDP Connectivity" details="QUIC connection successful" run_id=f07b2377-89c0-4ba3-a6ad-bc0b687cda97 status=pass target=region1.v2.argotunnel.com
2026-08-10T22:59:48Z INF precheck component="UDP Connectivity" details="QUIC connection successful" run_id=f07b2377-89c0-4ba3-a6ad-bc0b687cda97 status=pass target=region2.v2.argotunnel.com
2026-08-10T22:59:48Z INF precheck component="TCP Connectivity" details="HTTP/2 connection successful" run_id=f07b2377-89c0-4ba3-a6ad-bc0b687cda97 status=pass target=region1.v2.argotunnel.com
2026-08-10T22:59:48Z INF precheck component="TCP Connectivity" details="HTTP/2 connection successful" run_id=f07b2377-89c0-4ba3-a6ad-bc0b687cda97 status=pass target=region2.v2.argotunnel.com
2026-08-10T22:59:48Z INF precheck component="Cloudflare API" details="API is reachable" run_id=f07b2377-89c0-4ba3-a6ad-bc0b687cda97 status=pass target=api.cloudflare.com:443
2026-08-10T22:59:48Z INF precheck complete hard_fail=false run_id=f07b2377-89c0-4ba3-a6ad-bc0b687cda97 suggested_protocol=quic
2026-08-10T23:28:02Z ERR failed to run the datagram handler error="timeout: no recent network activity" connIndex=0 event=0 ip=2606:4700:a0::1
2026-08-10T23:28:02Z ERR failed to accept incoming stream requests error="failed to accept QUIC stream: timeout: no recent network activity" connIndex=0 event=0 ip=2606:4700:a0::1
2026-08-10T23:28:02Z ERR failed to serve tunnel connection error="datagram manager encountered a failure while serving" connIndex=0 event=0 ip=2606:4700:a0::1
2026-08-10T23:28:02Z ERR Serve tunnel error error="datagram manager encountered a failure while serving" connIndex=0 event=0 ip=2606:4700:a0::1
2026-08-10T23:28:02Z INF Retrying connection in up to 1s connIndex=0 event=0 ip=2606:4700:a0::1
2026-08-10T23:28:03Z INF Tunnel connection curve preferences: [X25519MLKEM768 CurveID(65074) CurveP256] connIndex=0 event=0 ip=2606:4700:a0::1
2026-08-10T23:28:03Z INF Registered tunnel connection connIndex=0 connection=b6caac83-f929-497d-a5d5-a325224b621d event=0 ip=2606:4700:a0::1 location=lim02 protocol=quic
2026-08-10T23:29:06Z ERR failed to run the datagram handler error="timeout: no recent network activity" connIndex=0 event=0 ip=2606:4700:a0::1
2026-08-10T23:29:06Z ERR failed to accept incoming stream requests error="failed to accept QUIC stream: timeout: no recent network activity" connIndex=0 event=0 ip=2606:4700:a0::1
2026-08-10T23:29:06Z ERR failed to serve tunnel connection error="datagram manager encountered a failure while serving" connIndex=0 event=0 ip=2606:4700:a0::1
2026-08-10T23:29:06Z ERR Serve tunnel error error="datagram manager encountered a failure while serving" connIndex=0 event=0 ip=2606:4700:a0::1
2026-08-10T23:29:06Z INF Retrying connection in up to 1s connIndex=0 event=0 ip=2606:4700:a0::1
2026-08-10T23:29:08Z INF Tunnel connection curve preferences: [X25519MLKEM768 CurveID(65074) CurveP256] connIndex=0 event=0 ip=2606:4700:a0::1
2026-08-10T23:29:09Z INF Registered tunnel connection connIndex=0 connection=1a30db91-52f1-4292-9a1d-6903e14b845f event=0 ip=2606:4700:a0::1 location=lim02 protocol=quic
1Z ERR failed to accept incoming stream requests error="failed to accept QUIC stream: timeout: no recent network activity" connIndex=0 event=0 ip=2606:4700:a0::7
2026-08-10T23:28:01Z ERR failed to run the datagram handler error="timeout: no recent network activity" connIndex=0 event=0 ip=2606:4700:a0::7
2026-08-10T23:28:01Z ERR failed to serve tunnel connection error="accept stream listener encountered a failure while serving" connIndex=0 event=0 ip=2606:4700:a0::7
2026-08-10T23:28:01Z ERR Serve tunnel error error="accept stream listener encountered a failure while serving" connIndex=0 event=0 ip=2606:4700:a0::7
2026-08-10T23:28:01Z INF Retrying connection in up to 1s connIndex=0 event=0 ip=2606:4700:a0::7
2026-08-10T23:28:02Z INF Tunnel connection curve preferences: [X25519MLKEM768 CurveID(65074) CurveP256] connIndex=0 event=0 ip=2606:4700:a0::7
2026-08-10T23:28:02Z INF Registered tunnel connection connIndex=0 connection=28bf84aa-5933-4145-b50a-29606f3df1b5 event=0 ip=2606:4700:a0::7 location=lim02 protocol=quic
2026-08-10T23:28:24Z ERR failed to accept incoming stream requests error="failed to accept QUIC stream: timeout: no recent network activity" connIndex=0 event=0 ip=2606:4700:a0::7
2026-08-10T23:28:24Z ERR failed to run the datagram handler error="timeout: no recent network activity" connIndex=0 event=0 ip=2606:4700:a0::7
2026-08-10T23:28:24Z ERR failed to serve tunnel connection error="accept stream listener encountered a failure while serving" connIndex=0 event=0 ip=2606:4700:a0::7
2026-08-10T23:28:24Z ERR Serve tunnel error error="accept stream listener encountered a failure while serving" connIndex=0 event=0 ip=2606:4700:a0::7
2026-08-10T23:28:24Z INF Retrying connection in up to 1s connIndex=0 event=0 ip=2606:4700:a0::7
2026-08-10T23:28:25Z INF Tunnel connection curve preferences: [X25519MLKEM768 CurveID(65074) CurveP256] connIndex=0 event=0 ip=2606:4700:a0::7
2026-08-10T23:28:25Z INF Registered tunnel connection connIndex=0 connection=d3796879-d804-4d86-8af4-76eb64c309cf event=0 ip=2606:4700:a0::7 location=lim02 protocol=quic
