0 verbose cli /data/data/com.termux/files/usr/bin/node /data/data/com.termux/files/usr/bin/npm
1 info using npm@11.19.0
2 info using node@v24.18.0
3 silly config load:file:/data/data/com.termux/files/usr/lib/node_modules/npm/npmrc
4 silly config load:file:/data/data/com.termux/files/home/mi-bot/.npmrc
5 silly config load:file:/data/data/com.termux/files/home/.npmrc
6 silly config load:file:/data/data/com.termux/files/usr/etc/npmrc
7 verbose title npm install @whiskeysockets/baileys qrcode-terminal pino
8 verbose argv "install" "@whiskeysockets/baileys" "qrcode-terminal" "pino"
9 verbose logfile logs-max:10 dir:/data/data/com.termux/files/home/.npm/_logs/2026-08-11T15_37_12_606Z-
10 verbose logfile /data/data/com.termux/files/home/.npm/_logs/2026-08-11T15_37_12_606Z-debug-0.log
11 silly logfile done cleaning log files
12 silly packumentCache heap:545259520 maxSize:136314880 maxEntrySize:68157440
13 silly idealTree buildDeps
14 silly fetch manifest @whiskeysockets/baileys@^7.0.0-rc14
15 silly packumentCache full:https://registry.npmjs.org/@whiskeysockets%2fbaileys cache-miss
16 http cache https://registry.npmjs.org/@whiskeysockets%2fbaileys 465ms (cache hit)
17 silly packumentCache full:https://registry.npmjs.org/@whiskeysockets%2fbaileys set size:249078 disposed:false
18 silly fetch manifest audio-decode@^2.1.3
19 silly packumentCache full:https://registry.npmjs.org/audio-decode cache-miss
20 http cache https://registry.npmjs.org/audio-decode 40ms (cache hit)
21 silly packumentCache full:https://registry.npmjs.org/audio-decode set size:137099 disposed:false
22 silly fetch manifest jimp@^1.6.1
23 silly packumentCache full:https://registry.npmjs.org/jimp cache-miss
24 http cache https://registry.npmjs.org/jimp 56ms (cache hit)
25 silly packumentCache full:https://registry.npmjs.org/jimp set size:1198045 disposed:false
26 silly fetch manifest link-preview-js@^3.0.0
27 silly packumentCache full:https://registry.npmjs.org/link-preview-js cache-miss
28 http cache https://registry.npmjs.org/link-preview-js 43ms (cache hit)
29 silly packumentCache full:https://registry.npmjs.org/link-preview-js set size:160103 disposed:false
30 silly fetch manifest sharp@*
31 silly packumentCache full:https://registry.npmjs.org/sharp cache-miss
32 http cache https://registry.npmjs.org/sharp 53ms (cache hit)
33 silly packumentCache full:https://registry.npmjs.org/sharp set size:1201295 disposed:false
34 silly fetch manifest pino@^10.3.1
35 silly packumentCache full:https://registry.npmjs.org/pino cache-miss
36 http cache https://registry.npmjs.org/pino 92ms (cache hit)
37 silly packumentCache full:https://registry.npmjs.org/pino set size:1274379 disposed:false
38 silly fetch manifest qrcode-terminal@^0.12.0
39 silly packumentCache full:https://registry.npmjs.org/qrcode-terminal cache-miss
40 http cache https://registry.npmjs.org/qrcode-terminal 26ms (cache hit)
41 silly packumentCache full:https://registry.npmjs.org/qrcode-terminal set size:29799 disposed:false
42 silly placeDep ROOT @whiskeysockets/baileys@7.0.0-rc14 REPLACE for: mi-bot@1.0.0 want: ^7.0.0-rc14
43 silly placeDep ROOT pino@10.3.1 REPLACE for: mi-bot@1.0.0 want: ^10.3.1
44 silly placeDep ROOT qrcode-terminal@0.12.0 REPLACE for: mi-bot@1.0.0 want: ^0.12.0
45 silly reify moves {}
46 silly audit bulk request {
46 silly audit   '@borewit/text-codec': [ '0.2.2' ],
46 silly audit   '@cacheable/memory': [ '2.2.0' ],
46 silly audit   '@cacheable/node-cache': [ '1.7.6' ],
46 silly audit   '@cacheable/utils': [ '2.5.0' ],
46 silly audit   '@emnapi/runtime': [ '1.11.3' ],
46 silly audit   '@hapi/boom': [ '9.1.4' ],
46 silly audit   '@hapi/hoek': [ '9.3.0' ],
46 silly audit   '@img/colour': [ '1.1.0' ],
46 silly audit   '@img/sharp-darwin-arm64': [ '0.35.3' ],
46 silly audit   '@img/sharp-darwin-x64': [ '0.35.3' ],
46 silly audit   '@img/sharp-freebsd-wasm32': [ '0.35.3' ],
46 silly audit   '@img/sharp-libvips-darwin-arm64': [ '1.3.2' ],
46 silly audit   '@img/sharp-libvips-darwin-x64': [ '1.3.2' ],
46 silly audit   '@img/sharp-libvips-linux-arm': [ '1.3.2' ],
46 silly audit   '@img/sharp-libvips-linux-arm64': [ '1.3.2' ],
46 silly audit   '@img/sharp-libvips-linux-ppc64': [ '1.3.2' ],
46 silly audit   '@img/sharp-libvips-linux-riscv64': [ '1.3.2' ],
46 silly audit   '@img/sharp-libvips-linux-s390x': [ '1.3.2' ],
46 silly audit   '@img/sharp-libvips-linux-x64': [ '1.3.2' ],
46 silly audit   '@img/sharp-libvips-linuxmusl-arm64': [ '1.3.2' ],
46 silly audit   '@img/sharp-libvips-linuxmusl-x64': [ '1.3.2' ],
46 silly audit   '@img/sharp-linux-arm': [ '0.35.3' ],
46 silly audit   '@img/sharp-linux-arm64': [ '0.35.3' ],
46 silly audit   '@img/sharp-linux-ppc64': [ '0.35.3' ],
46 silly audit   '@img/sharp-linux-riscv64': [ '0.35.3' ],
46 silly audit   '@img/sharp-linux-s390x': [ '0.35.3' ],
46 silly audit   '@img/sharp-linux-x64': [ '0.35.3' ],
46 silly audit   '@img/sharp-linuxmusl-arm64': [ '0.35.3' ],
46 silly audit   '@img/sharp-linuxmusl-x64': [ '0.35.3' ],
46 silly audit   '@img/sharp-wasm32': [ '0.35.3' ],
46 silly audit   '@img/sharp-webcontainers-wasm32': [ '0.35.3' ],
46 silly audit   '@img/sharp-win32-arm64': [ '0.35.3' ],
46 silly audit   '@img/sharp-win32-ia32': [ '0.35.3' ],
46 silly audit   '@img/sharp-win32-x64': [ '0.35.3' ],
46 silly audit   '@keyv/bigmap': [ '1.3.1' ],
46 silly audit   '@keyv/serialize': [ '1.1.1' ],
46 silly audit   '@pinojs/redact': [ '0.4.0' ],
46 silly audit   '@protobufjs/aspromise': [ '1.1.2' ],
46 silly audit   '@protobufjs/base64': [ '1.1.2' ],
46 silly audit   '@protobufjs/codegen': [ '2.0.5' ],
46 silly audit   '@protobufjs/eventemitter': [ '1.1.1' ],
46 silly audit   '@protobufjs/fetch': [ '1.1.1' ],
46 silly audit   '@protobufjs/float': [ '1.0.2' ],
46 silly audit   '@protobufjs/path': [ '1.1.2' ],
46 silly audit   '@protobufjs/pool': [ '1.1.0' ],
46 silly audit   '@protobufjs/utf8': [ '1.1.2' ],
46 silly audit   '@tokenizer/inflate': [ '0.4.1' ],
46 silly audit   '@tokenizer/token': [ '0.3.0' ],
46 silly audit   '@types/node': [ '26.2.0' ],
46 silly audit   pino: [ '9.14.0', '10.3.1' ],
46 silly audit   'pino-abstract-transport': [ '3.0.0', '2.0.0' ],
46 silly audit   'thread-stream': [ '4.2.0', '3.2.0' ],
46 silly audit   'async-mutex': [ '0.5.0' ],
46 silly audit   'atomic-sleep': [ '1.0.0' ],
46 silly audit   cacheable: [ '2.5.0' ],
46 silly audit   'content-type': [ '2.0.0' ],
46 silly audit   'curve25519-js': [ '0.0.4' ],
46 silly audit   debug: [ '4.4.3' ],
46 silly audit   'detect-libc': [ '2.1.2' ],
46 silly audit   eventemitter3: [ '5.0.4' ],
46 silly audit   'file-type': [ '21.3.4' ],
46 silly audit   hashery: [ '1.5.1' ],
46 silly audit   hookified: [ '1.15.1', '2.2.0' ],
46 silly audit   ieee754: [ '1.2.1' ],
46 silly audit   keyv: [ '5.6.0' ],
46 silly audit   libsignal: [ '6.0.0' ],
46 silly audit   long: [ '5.3.2' ],
46 silly audit   'lru-cache': [ '11.5.2' ],
46 silly audit   'media-typer': [ '2.0.0' ],
46 silly audit   ms: [ '2.1.3' ],
46 silly audit   'music-metadata': [ '11.14.0' ],
46 silly audit   'on-exit-leak-free': [ '2.1.2' ],
46 silly audit   'p-queue': [ '9.3.3' ],
46 silly audit   'p-timeout': [ '7.0.1' ],
46 silly audit   'pino-std-serializers': [ '7.1.0' ],
46 silly audit   'process-warning': [ '5.1.0' ],
46 silly audit   protobufjs: [ '7.6.5' ],
46 silly audit   qified: [ '0.10.1' ],
46 silly audit   'quick-format-unescaped': [ '4.0.4' ],
46 silly audit   'real-require': [ '0.2.0', '1.0.0' ],
46 silly audit   'safe-stable-stringify': [ '2.5.0' ],
46 silly audit   semver: [ '7.8.5' ],
46 silly audit   sharp: [ '0.35.3' ],
46 silly audit   'sonic-boom': [ '4.2.1' ],
46 silly audit   split2: [ '4.2.0' ],
46 silly audit   strtok3: [ '10.3.5' ],
46 silly audit   'token-types': [ '6.1.2' ],
46 silly audit   tslib: [ '2.8.1' ],
46 silly audit   'uint8array-extras': [ '1.5.0' ],
46 silly audit   'undici-types': [ '8.3.0' ],
46 silly audit   'whatsapp-rust-bridge': [ '0.5.4' ],
46 silly audit   'win-guid': [ '0.2.1' ],
46 silly audit   ws: [ '8.21.3' ],
46 silly audit   '@whiskeysockets/baileys': [ '7.0.0-rc14' ],
46 silly audit   'qrcode-terminal': [ '0.12.0' ]
46 silly audit }
47 http fetch POST 200 https://registry.npmjs.org/-/npm/v1/security/advisories/bulk 1614ms
48 silly audit report {}
49 warn install-scripts 2 packages have install scripts not yet covered by allowScripts:
49 warn install-scripts   protobufjs@7.6.5 (postinstall: node scripts/postinstall)
49 warn install-scripts   @whiskeysockets/baileys@7.0.0-rc14 (preinstall: node ./engine-requirements.js)
49 warn install-scripts
49 warn install-scripts Run `npm install-scripts ls` to review, or `npm install-scripts approve <pkg>` to allow.
50 verbose cwd /data/data/com.termux/files/home/mi-bot
51 verbose os Linux 5.15.178-android13-8-g9bc55b5891f5-dirty-ab547
52 verbose node v24.18.0
53 verbose npm  v11.19.0
54 verbose exit 0
55 info ok
